#-----------------------------------------------------------
# Vivado v2017.3.1 (64-bit)
# SW Build 2035080 on Fri Oct 20 14:20:01 MDT 2017
# IP Build 2034413 on Fri Oct 20 15:56:25 MDT 2017
# Start of session at: Mon Mar 19 17:07:50 2018
# Process ID: 3172
# Current directory: C:/Users/Yo Yo/Desktop/Nueva-cafetera/Cafetera
# Command line: vivado.exe -gui_launcher_event rodinguilauncherevent4848 C:\Users\Yo Yo\Desktop\Nueva-cafetera\Cafetera\Cafetera.xpr
# Log file: C:/Users/Yo Yo/Desktop/Nueva-cafetera/Cafetera/vivado.log
# Journal file: C:/Users/Yo Yo/Desktop/Nueva-cafetera/Cafetera\vivado.jou
#-----------------------------------------------------------
start_gui
open_project {C:/Users/Yo Yo/Desktop/Nueva-cafetera/Cafetera/Cafetera.xpr}
update_compile_order -fileset sources_1
launch_simulation
source tb_clk_divider.tcl
close_sim
launch_simulation
source tb_clk_divider.tcl
update_compile_order -fileset sim_1
update_compile_order -fileset sim_1
close_sim
launch_simulation
source tb_clk_divider.tcl
close_sim
launch_simulation
source tb_clk_divider.tcl
close_sim
launch_simulation
source tb_clk_divider.tcl
close_sim
launch_simulation
source tb_clk_divider.tcl
close_sim
launch_simulation
source tb_clk_divider.tcl
close_sim
launch_simulation
source tb_clk_divider.tcl
close_sim
launch_simulation
source tb_clk_divider.tcl
close_sim
launch_simulation
source tb_clk_divider.tcl
close_sim
launch_simulation
source tb_clk_divider.tcl
close_sim
launch_simulation
source tb_clk_divider.tcl
close_sim
launch_simulation
source tb_clk_divider.tcl
close_sim
launch_simulation
source tb_clk_divider.tcl
close_sim
launch_simulation
source tb_clk_divider.tcl
add_wave {{/tb_clk_divider/uut}} 
run all
close_sim
launch_simulation
source tb_clk_divider.tcl
add_wave {{/tb_clk_divider/uut}} 
close_sim
launch_simulation
source tb_clk_divider.tcl
close_sim
launch_simulation
source tb_clk_divider.tcl
close_sim
launch_simulation
source tb_clk_divider.tcl
close_sim
# Disabling source management mode.  This is to allow the top design properties to be set without GUI intervention.
set_property source_mgmt_mode None [current_project]
set_property top tb_TOP [get_filesets sim_1]
set_property top_lib xil_defaultlib [get_filesets sim_1]
# Re-enabling previously disabled source management mode.
set_property source_mgmt_mode All [current_project]
update_compile_order -fileset sim_1
launch_simulation
source tb_TOP.tcl
run all
add_wave {{/tb_TOP/uut/clkdivider}} 
run all
close_sim
launch_simulation
source tb_TOP.tcl
run all
close_sim
